633 1512 884 947 947 947 947 947 271 -121 -121 306 280 264 264 -829 -829 -296 -957 -957 -957 -1466 -1466 -1740 -1740 -1740 -1901 -2624 -2624 -2679 -1942 -572 -572 -505 -505 -505 25 25 25 25 80 924 494 494 497 553 647 55 -13 839 576 469 677 975 975 2714 3002 2676 1797 1797 2132 2132 2241 2834 3350 2906 3629 4275 3837 3684 3545 3302 2958 2958 2958 4093 4093 4062 4599 4405 3641 3461 2142 2142 2142 2142 2142 2211 2211 1619 791 822 822 -136 284 918 -73 -943 -1366 -2290 -1680 -2089 -2089 -2563 -2563 -2257 -2906 -2767 -2767 -2767 -2767 -2767 -2764 -2696 -2696 -3600 -4300 -5330 -5468 -5097 -5467 -4224 -4046 -3620 -3413 -2624 -2624 -1868 -2601 -2601 -2618 -1829 -1950 -949 -593 -679 -1329 -1329 -881 301 289 512 0 0 0 