4 5 8 8 14 16 15 16 19 15 20 22 23 20 21 20 19 17 13 14 12 9 6 
