66 54 60 64 10 56 52 46 51 8 50 20 61 29 9 7 35 62 6 3 1 48 30 2 39 23 5 38 22 44 19 43 47 42 21 65 18 53 36 14 55 63 59 26 28 41 25 11 24 33 40 31 32 4 67 37 45 34 58 13 57 27 17 15 12 16 49 