65 66 4 71 16 79 11 84 18 97 24 41 94 7 14 69 87 64 95 57 34 33 8 92 75 70 6 23 83 42 47 81 77 80 68 28 32 37 61 22 90 29 60 55 59 27 40 26 96 13 93 89 36 76 56 5 86 91 51 49 35 20 50 73 72 74 19 30 12 21 46 52 44 85 1 43 10 45 25 88 39 15 2 17 48 9 3 63 31 38 53 78 54 82 62 58 67 