18 5 24 13 27 19 11 12 10 14 21 4 23 3 25 1 9 2 8 6 22 26 17 7 15 16 20 