92428881765369787458831628339724772120422120141726131821