21115 999998264 999962472 999926680 999881796 999852245 