10 8 18 31 30 20 5 11 19 12 1 23 2 3 9 25 21 4 7 15 34 32 35 14 27 24 6 13 29 22 17 26 16 28 33 